B4C11 CORRECTED FULL RUN  n_boot=2000  paired_subset=25  train_motors=80
seedEquivalenceCheck: IDENTICAL_TO_FROZEN_INLINE_DRAW_SEQUENCE
out=C:\Users\mpolz\Documents\UNI-Flagellum\UNI-FLAGELLUM\hierarchical-aif\results\motor_stack_aif\B4C11_CORRECTED_FULL_RESULT.json
progress=C:\Users\mpolz\Documents\UNI-Flagellum\UNI-FLAGELLUM\hierarchical-aif\results\motor_stack_aif\B4C11_CORRECTED_FULL_PROGRESS.json
  [C11] 10/2000  elapsed 590s  eta 117498s  completed=10 failed=0 collapsed=0  tau_med=0.157507
  [C11] 20/2000  elapsed 1094s  eta 108328s  completed=20 failed=0 collapsed=0  tau_med=0.157507
  [C11] 30/2000  elapsed 1456s  eta 95631s  completed=30 failed=0 collapsed=0  tau_med=0.171684
  [C11] 40/2000  elapsed 1712s  eta 83870s  completed=40 failed=0 collapsed=0  tau_med=0.172116
  [C11] 50/2000  elapsed 1968s  eta 76768s  completed=50 failed=0 collapsed=0  tau_med=0.171684
  [C11] 60/2000  elapsed 2223s  eta 71876s  completed=60 failed=0 collapsed=0  tau_med=0.161909
  [C11] 70/2000  elapsed 2480s  eta 68385s  completed=70 failed=0 collapsed=0  tau_med=0.162615
  [C11] 80/2000  elapsed 2733s  eta 65595s  completed=80 failed=0 collapsed=0  tau_med=0.164066
  [C11] 90/2000  elapsed 2993s  eta 63508s  completed=90 failed=0 collapsed=0  tau_med=0.165463
  [C11] 100/2000  elapsed 3242s  eta 61600s  completed=100 failed=0 collapsed=0  tau_med=0.171026
  [C11] 110/2000  elapsed 3491s  eta 59984s  completed=110 failed=0 collapsed=0  tau_med=0.169911
  [C11] 120/2000  elapsed 3741s  eta 58615s  completed=120 failed=0 collapsed=0  tau_med=0.168813
  [C11] 130/2000  elapsed 3987s  eta 57352s  completed=130 failed=0 collapsed=0  tau_med=0.171294
  [C11] 140/2000  elapsed 4235s  eta 56271s  completed=140 failed=0 collapsed=0  tau_med=0.171294
  [C11] 150/2000  elapsed 4489s  eta 55362s  completed=150 failed=0 collapsed=0  tau_med=0.171686
  [C11] 160/2000  elapsed 4742s  eta 54531s  completed=160 failed=0 collapsed=0  tau_med=0.171294
  [C11] 170/2000  elapsed 4988s  eta 53699s  completed=170 failed=0 collapsed=0  tau_med=0.171639
  [C11] 180/2000  elapsed 5238s  eta 52962s  completed=180 failed=0 collapsed=0  tau_med=0.171639
  [C11] 190/2000  elapsed 5498s  eta 52376s  completed=190 failed=0 collapsed=0  tau_med=0.171639
  [C11] 200/2000  elapsed 5760s  eta 51839s  completed=200 failed=0 collapsed=0  tau_med=0.171639
  [C11] 210/2000  elapsed 6017s  eta 51291s  completed=210 failed=0 collapsed=0  tau_med=0.171370
  [C11] 220/2000  elapsed 6348s  eta 51363s  completed=220 failed=0 collapsed=0  tau_med=0.171370
  [C11] 230/2000  elapsed 6622s  eta 50957s  completed=230 failed=0 collapsed=0  tau_med=0.171241
  [C11] 240/2000  elapsed 6892s  eta 50538s  completed=240 failed=0 collapsed=0  tau_med=0.171241
  [C11] 250/2000  elapsed 7174s  eta 50221s  completed=250 failed=0 collapsed=0  tau_med=0.171370
  [C11] 260/2000  elapsed 7468s  eta 49981s  completed=260 failed=0 collapsed=0  tau_med=0.171241
  [C11] 270/2000  elapsed 7743s  eta 49612s  completed=270 failed=0 collapsed=0  tau_med=0.171370
  [C11] 280/2000  elapsed 8020s  eta 49263s  completed=280 failed=0 collapsed=0  tau_med=0.171079
  [C11] 290/2000  elapsed 8283s  eta 48841s  completed=290 failed=0 collapsed=0  tau_med=0.171370
  [C11] 300/2000  elapsed 8568s  eta 48553s  completed=300 failed=0 collapsed=0  tau_med=0.171370
  [C11] 310/2000  elapsed 8932s  eta 48695s  completed=310 failed=0 collapsed=0  tau_med=0.171370
  [C11] 320/2000  elapsed 9311s  eta 48882s  completed=320 failed=0 collapsed=0  tau_med=0.171551
  [C11] 330/2000  elapsed 9759s  eta 49385s  completed=330 failed=0 collapsed=0  tau_med=0.171241
  [C11] 340/2000  elapsed 10094s  eta 49284s  completed=340 failed=0 collapsed=0  tau_med=0.170860
  [C11] 350/2000  elapsed 10419s  eta 49120s  completed=350 failed=0 collapsed=0  tau_med=0.170592
  [C11] 360/2000  elapsed 10807s  eta 49232s  completed=360 failed=0 collapsed=0  tau_med=0.171079
  [C11] 370/2000  elapsed 11249s  eta 49555s  completed=370 failed=0 collapsed=0  tau_med=0.171241
  [C11] 380/2000  elapsed 11639s  eta 49620s  completed=380 failed=0 collapsed=0  tau_med=0.171079
  [C11] 390/2000  elapsed 12080s  eta 49869s  completed=390 failed=0 collapsed=0  tau_med=0.170601
  [C11] 400/2000  elapsed 12425s  eta 49699s  completed=400 failed=0 collapsed=0  tau_med=0.170423
  [C11] 410/2000  elapsed 12751s  eta 49447s  completed=410 failed=0 collapsed=0  tau_med=0.170005
  [C11] 420/2000  elapsed 13053s  eta 49105s  completed=420 failed=0 collapsed=0  tau_med=0.170005
  [C11] 430/2000  elapsed 13373s  eta 48829s  completed=430 failed=0 collapsed=0  tau_med=0.170005
  [C11] 440/2000  elapsed 13645s  eta 48378s  completed=440 failed=0 collapsed=0  tau_med=0.169898
  [C11] 450/2000  elapsed 13909s  eta 47910s  completed=450 failed=0 collapsed=0  tau_med=0.170090
  [C11] 460/2000  elapsed 14304s  eta 47886s  completed=460 failed=0 collapsed=0  tau_med=0.170090
  [C11] 470/2000  elapsed 14616s  eta 47581s  completed=470 failed=0 collapsed=0  tau_med=0.170005
  [C11] 480/2000  elapsed 15008s  eta 47525s  completed=480 failed=0 collapsed=0  tau_med=0.170005
  [C11] 490/2000  elapsed 15465s  eta 47656s  completed=490 failed=0 collapsed=1  tau_med=0.169898
  [C11] 500/2000  elapsed 15854s  eta 47563s  completed=500 failed=0 collapsed=1  tau_med=0.169898
  [C11] 510/2000  elapsed 16224s  eta 47398s  completed=510 failed=0 collapsed=1  tau_med=0.169898
  [C11] 520/2000  elapsed 16593s  eta 47226s  completed=520 failed=0 collapsed=1  tau_med=0.169601
  [C11] 530/2000  elapsed 16981s  eta 47100s  completed=530 failed=0 collapsed=1  tau_med=0.169472
  [C11] 540/2000  elapsed 17373s  eta 46971s  completed=540 failed=0 collapsed=1  tau_med=0.169171
  [C11] 550/2000  elapsed 17769s  eta 46844s  completed=550 failed=0 collapsed=2  tau_med=0.169171
  [C11] 560/2000  elapsed 18152s  eta 46677s  completed=560 failed=0 collapsed=3  tau_med=0.169472
  [C11] 570/2000  elapsed 18533s  eta 46494s  completed=570 failed=0 collapsed=4  tau_med=0.169472
  [C11] 580/2000  elapsed 18905s  eta 46284s  completed=580 failed=0 collapsed=4  tau_med=0.169171
  [C11] 590/2000  elapsed 19264s  eta 46038s  completed=590 failed=0 collapsed=4  tau_med=0.169171
  [C11] 600/2000  elapsed 19623s  eta 45787s  completed=600 failed=0 collapsed=4  tau_med=0.168797
  [C11] 610/2000  elapsed 19993s  eta 45558s  completed=610 failed=0 collapsed=4  tau_med=0.168643
  [C11] 620/2000  elapsed 20361s  eta 45320s  completed=620 failed=0 collapsed=4  tau_med=0.168557
  [C11] 630/2000  elapsed 20757s  eta 45138s  completed=630 failed=0 collapsed=5  tau_med=0.168541
  [C11] 640/2000  elapsed 21130s  eta 44902s  completed=640 failed=0 collapsed=5  tau_med=0.168310
  [C11] 650/2000  elapsed 21494s  eta 44642s  completed=650 failed=0 collapsed=5  tau_med=0.168611
  [C11] 660/2000  elapsed 21858s  eta 44378s  completed=660 failed=0 collapsed=5  tau_med=0.168611
  [C11] 670/2000  elapsed 22221s  eta 44111s  completed=670 failed=0 collapsed=5  tau_med=0.168611
  [C11] 680/2000  elapsed 22571s  eta 43815s  completed=680 failed=0 collapsed=5  tau_med=0.168797
  [C11] 690/2000  elapsed 22982s  eta 43632s  completed=690 failed=0 collapsed=5  tau_med=0.168611
  [C11] 700/2000  elapsed 23402s  eta 43460s  completed=700 failed=0 collapsed=5  tau_med=0.168611
  [C11] 710/2000  elapsed 23861s  eta 43353s  completed=710 failed=0 collapsed=6  tau_med=0.168611
  [C11] 720/2000  elapsed 24290s  eta 43182s  completed=720 failed=0 collapsed=6  tau_med=0.168797
  [C11] 730/2000  elapsed 24710s  eta 42989s  completed=730 failed=0 collapsed=6  tau_med=0.169722
  [C11] 740/2000  elapsed 25139s  eta 42804s  completed=740 failed=0 collapsed=6  tau_med=0.169601
  [C11] 750/2000  elapsed 25549s  eta 42581s  completed=750 failed=0 collapsed=6  tau_med=0.169601
  [C11] 760/2000  elapsed 25966s  eta 42366s  completed=760 failed=0 collapsed=6  tau_med=0.169722
  [C11] 770/2000  elapsed 26383s  eta 42144s  completed=770 failed=0 collapsed=6  tau_med=0.169601
  [C11] 780/2000  elapsed 26819s  eta 41947s  completed=780 failed=0 collapsed=6  tau_med=0.169422
  [C11] 790/2000  elapsed 27236s  eta 41716s  completed=790 failed=0 collapsed=6  tau_med=0.169403
  [C11] 800/2000  elapsed 27661s  eta 41492s  completed=800 failed=0 collapsed=6  tau_med=0.169343
  [C11] 810/2000  elapsed 28088s  eta 41265s  completed=810 failed=0 collapsed=6  tau_med=0.169343
  [C11] 820/2000  elapsed 28528s  eta 41052s  completed=820 failed=0 collapsed=6  tau_med=0.169111
  [C11] 830/2000  elapsed 28958s  eta 40820s  completed=830 failed=0 collapsed=6  tau_med=0.169403
  [C11] 840/2000  elapsed 29380s  eta 40573s  completed=840 failed=0 collapsed=6  tau_med=0.169422
  [C11] 850/2000  elapsed 29822s  eta 40347s  completed=850 failed=0 collapsed=6  tau_med=0.169343
  [C11] 860/2000  elapsed 30246s  eta 40094s  completed=860 failed=0 collapsed=6  tau_med=0.169111
  [C11] 870/2000  elapsed 30633s  eta 39788s  completed=870 failed=0 collapsed=6  tau_med=0.168757
  [C11] 880/2000  elapsed 31045s  eta 39512s  completed=880 failed=0 collapsed=6  tau_med=0.168757
  [C11] 890/2000  elapsed 31384s  eta 39141s  completed=890 failed=0 collapsed=6  tau_med=0.168757
  [C11] 900/2000  elapsed 31712s  eta 38759s  completed=900 failed=0 collapsed=6  tau_med=0.168697
  [C11] 910/2000  elapsed 32036s  eta 38373s  completed=910 failed=0 collapsed=6  tau_med=0.168558
  [C11] 920/2000  elapsed 32395s  eta 38029s  completed=920 failed=0 collapsed=6  tau_med=0.168503
  [C11] 930/2000  elapsed 32837s  eta 37781s  completed=930 failed=0 collapsed=6  tau_med=0.168503
  [C11] 940/2000  elapsed 33291s  eta 37541s  completed=940 failed=0 collapsed=6  tau_med=0.168558
  [C11] 950/2000  elapsed 33726s  eta 37276s  completed=950 failed=0 collapsed=6  tau_med=0.168558
  [C11] 960/2000  elapsed 34183s  eta 37031s  completed=960 failed=0 collapsed=6  tau_med=0.168503
  [C11] 970/2000  elapsed 34628s  eta 36770s  completed=970 failed=0 collapsed=6  tau_med=0.168444
  [C11] 980/2000  elapsed 35065s  eta 36496s  completed=980 failed=0 collapsed=6  tau_med=0.168322
  [C11] 990/2000  elapsed 35517s  eta 36234s  completed=990 failed=0 collapsed=6  tau_med=0.168254
  [C11] 1000/2000  elapsed 35999s  eta 35999s  completed=1000 failed=0 collapsed=7  tau_med=0.168134
  [C11] 1010/2000  elapsed 36417s  eta 35696s  completed=1010 failed=0 collapsed=7  tau_med=0.168182
  [C11] 1020/2000  elapsed 36835s  eta 35390s  completed=1020 failed=0 collapsed=7  tau_med=0.168254
  [C11] 1030/2000  elapsed 37255s  eta 35085s  completed=1030 failed=0 collapsed=7  tau_med=0.168291
  [C11] 1040/2000  elapsed 37667s  eta 34770s  completed=1040 failed=0 collapsed=7  tau_med=0.168075
  [C11] 1050/2000  elapsed 38117s  eta 34486s  completed=1050 failed=0 collapsed=7  tau_med=0.168134
  [C11] 1060/2000  elapsed 38541s  eta 34178s  completed=1060 failed=0 collapsed=7  tau_med=0.167941
  [C11] 1070/2000  elapsed 38952s  eta 33856s  completed=1070 failed=0 collapsed=7  tau_med=0.168134
  [C11] 1080/2000  elapsed 39368s  eta 33536s  completed=1080 failed=0 collapsed=7  tau_med=0.168322
  [C11] 1090/2000  elapsed 39777s  eta 33209s  completed=1090 failed=0 collapsed=7  tau_med=0.168395
  [C11] 1100/2000  elapsed 40203s  eta 32894s  completed=1100 failed=0 collapsed=7  tau_med=0.168381
  [C11] 1110/2000  elapsed 40612s  eta 32563s  completed=1110 failed=0 collapsed=7  tau_med=0.168395
  [C11] 1120/2000  elapsed 41023s  eta 32232s  completed=1120 failed=0 collapsed=7  tau_med=0.168503
  [C11] 1130/2000  elapsed 41449s  eta 31912s  completed=1130 failed=0 collapsed=7  tau_med=0.168444
  [C11] 1140/2000  elapsed 41884s  eta 31597s  completed=1140 failed=0 collapsed=7  tau_med=0.168381
  [C11] 1150/2000  elapsed 42308s  eta 31271s  completed=1150 failed=0 collapsed=7  tau_med=0.168381
  [C11] 1160/2000  elapsed 42728s  eta 30941s  completed=1160 failed=0 collapsed=7  tau_med=0.168395
  [C11] 1170/2000  elapsed 43147s  eta 30609s  completed=1170 failed=0 collapsed=7  tau_med=0.168558
  [C11] 1180/2000  elapsed 43575s  eta 30281s  completed=1180 failed=0 collapsed=7  tau_med=0.168643
  [C11] 1190/2000  elapsed 44011s  eta 29957s  completed=1190 failed=0 collapsed=7  tau_med=0.168611
  [C11] 1200/2000  elapsed 44438s  eta 29625s  completed=1200 failed=0 collapsed=7  tau_med=0.168558
  [C11] 1210/2000  elapsed 44860s  eta 29289s  completed=1210 failed=0 collapsed=7  tau_med=0.168503
  [C11] 1220/2000  elapsed 45312s  eta 28970s  completed=1220 failed=0 collapsed=7  tau_med=0.168481
  [C11] 1230/2000  elapsed 45727s  eta 28626s  completed=1230 failed=0 collapsed=7  tau_med=0.168558
  [C11] 1240/2000  elapsed 46067s  eta 28234s  completed=1240 failed=0 collapsed=7  tau_med=0.168558
  [C11] 1250/2000  elapsed 46384s  eta 27831s  completed=1250 failed=0 collapsed=7  tau_med=0.168438
  [C11] 1260/2000  elapsed 46697s  eta 27425s  completed=1260 failed=0 collapsed=7  tau_med=0.168481
  [C11] 1270/2000  elapsed 47012s  eta 27023s  completed=1270 failed=0 collapsed=7  tau_med=0.168481
  [C11] 1280/2000  elapsed 47324s  eta 26619s  completed=1280 failed=0 collapsed=7  tau_med=0.168481
  [C11] 1290/2000  elapsed 47635s  eta 26218s  completed=1290 failed=0 collapsed=8  tau_med=0.168481
  [C11] 1300/2000  elapsed 47916s  eta 25801s  completed=1300 failed=0 collapsed=8  tau_med=0.168481
  [C11] 1310/2000  elapsed 48299s  eta 25440s  completed=1310 failed=0 collapsed=8  tau_med=0.168438
  [C11] 1320/2000  elapsed 48727s  eta 25102s  completed=1320 failed=0 collapsed=8  tau_med=0.168503
  [C11] 1330/2000  elapsed 49167s  eta 24768s  completed=1330 failed=0 collapsed=8  tau_med=0.168611
  [C11] 1340/2000  elapsed 49637s  eta 24448s  completed=1340 failed=0 collapsed=8  tau_med=0.168481
  [C11] 1350/2000  elapsed 50098s  eta 24121s  completed=1350 failed=0 collapsed=8  tau_med=0.168503
  [C11] 1360/2000  elapsed 50557s  eta 23791s  completed=1360 failed=0 collapsed=8  tau_med=0.168558
  [C11] 1370/2000  elapsed 51003s  eta 23454s  completed=1370 failed=0 collapsed=8  tau_med=0.168611
  [C11] 1380/2000  elapsed 51456s  eta 23118s  completed=1380 failed=0 collapsed=8  tau_med=0.168558
  [C11] 1390/2000  elapsed 51892s  eta 22773s  completed=1390 failed=0 collapsed=8  tau_med=0.168439
  [C11] 1400/2000  elapsed 52316s  eta 22421s  completed=1400 failed=0 collapsed=8  tau_med=0.168439
  [C11] 1410/2000  elapsed 52720s  eta 22060s  completed=1410 failed=0 collapsed=8  tau_med=0.168558
  [C11] 1420/2000  elapsed 53144s  eta 21707s  completed=1420 failed=0 collapsed=8  tau_med=0.168439
  [C11] 1430/2000  elapsed 53572s  eta 21354s  completed=1430 failed=0 collapsed=8  tau_med=0.168481
  [C11] 1440/2000  elapsed 53994s  eta 20998s  completed=1440 failed=0 collapsed=8  tau_med=0.168481
  [C11] 1450/2000  elapsed 54434s  eta 20647s  completed=1450 failed=0 collapsed=8  tau_med=0.168503
  [C11] 1460/2000  elapsed 54873s  eta 20296s  completed=1460 failed=0 collapsed=8  tau_med=0.168640
  [C11] 1470/2000  elapsed 55305s  eta 19940s  completed=1470 failed=0 collapsed=8  tau_med=0.168640
  [C11] 1480/2000  elapsed 55742s  eta 19585s  completed=1480 failed=0 collapsed=8  tau_med=0.168558
  [C11] 1490/2000  elapsed 56191s  eta 19233s  completed=1490 failed=0 collapsed=8  tau_med=0.168611
  [C11] 1500/2000  elapsed 56616s  eta 18872s  completed=1500 failed=0 collapsed=8  tau_med=0.168657
  [C11] 1510/2000  elapsed 57063s  eta 18517s  completed=1510 failed=0 collapsed=8  tau_med=0.168640
  [C11] 1520/2000  elapsed 57493s  eta 18156s  completed=1520 failed=0 collapsed=8  tau_med=0.168657
  [C11] 1530/2000  elapsed 57913s  eta 17790s  completed=1530 failed=0 collapsed=8  tau_med=0.168657
  [C11] 1540/2000  elapsed 58337s  eta 17425s  completed=1540 failed=0 collapsed=8  tau_med=0.168640
  [C11] 1550/2000  elapsed 58750s  eta 17057s  completed=1550 failed=0 collapsed=8  tau_med=0.168657
  [C11] 1560/2000  elapsed 59178s  eta 16691s  completed=1560 failed=0 collapsed=8  tau_med=0.168611
  [C11] 1570/2000  elapsed 59635s  eta 16333s  completed=1570 failed=0 collapsed=8  tau_med=0.168503
  [C11] 1580/2000  elapsed 60080s  eta 15971s  completed=1580 failed=0 collapsed=8  tau_med=0.168503
  [C11] 1590/2000  elapsed 60543s  eta 15612s  completed=1590 failed=0 collapsed=8  tau_med=0.168481
  [C11] 1600/2000  elapsed 60971s  eta 15243s  completed=1600 failed=0 collapsed=8  tau_med=0.168402
  [C11] 1610/2000  elapsed 61421s  eta 14878s  completed=1610 failed=0 collapsed=8  tau_med=0.168395
  [C11] 1620/2000  elapsed 61872s  eta 14513s  completed=1620 failed=0 collapsed=8  tau_med=0.168395
  [C11] 1630/2000  elapsed 62337s  eta 14150s  completed=1630 failed=0 collapsed=9  tau_med=0.168439
  [C11] 1640/2000  elapsed 62791s  eta 13783s  completed=1640 failed=0 collapsed=9  tau_med=0.168439
  [C11] 1650/2000  elapsed 63215s  eta 13409s  completed=1650 failed=0 collapsed=9  tau_med=0.168481
  [C11] 1660/2000  elapsed 63692s  eta 13045s  completed=1660 failed=0 collapsed=10  tau_med=0.168439
  [C11] 1670/2000  elapsed 64130s  eta 12672s  completed=1670 failed=0 collapsed=10  tau_med=0.168402
  [C11] 1680/2000  elapsed 64601s  eta 12305s  completed=1680 failed=0 collapsed=10  tau_med=0.168383
  [C11] 1690/2000  elapsed 65044s  eta 11931s  completed=1690 failed=0 collapsed=10  tau_med=0.168373
  [C11] 1700/2000  elapsed 65472s  eta 11554s  completed=1700 failed=0 collapsed=10  tau_med=0.168373
  [C11] 1710/2000  elapsed 65870s  eta 11171s  completed=1710 failed=0 collapsed=10  tau_med=0.168395
  [C11] 1720/2000  elapsed 66303s  eta 10793s  completed=1720 failed=0 collapsed=10  tau_med=0.168373
  [C11] 1730/2000  elapsed 66738s  eta 10416s  completed=1730 failed=0 collapsed=10  tau_med=0.168383
  [C11] 1740/2000  elapsed 67172s  eta 10037s  completed=1740 failed=0 collapsed=10  tau_med=0.168373
  [C11] 1750/2000  elapsed 67609s  eta 9658s  completed=1750 failed=0 collapsed=10  tau_med=0.168383
  [C11] 1760/2000  elapsed 68035s  eta 9277s  completed=1760 failed=0 collapsed=10  tau_med=0.168402
  [C11] 1770/2000  elapsed 68479s  eta 8898s  completed=1770 failed=0 collapsed=10  tau_med=0.168395
  [C11] 1780/2000  elapsed 68879s  eta 8513s  completed=1780 failed=0 collapsed=10  tau_med=0.168395
  [C11] 1790/2000  elapsed 69296s  eta 8130s  completed=1790 failed=0 collapsed=10  tau_med=0.168439
  [C11] 1800/2000  elapsed 69710s  eta 7746s  completed=1800 failed=0 collapsed=10  tau_med=0.168481
  [C11] 1810/2000  elapsed 70051s  eta 7353s  completed=1810 failed=0 collapsed=10  tau_med=0.168439
  [C11] 1820/2000  elapsed 70396s  eta 6962s  completed=1820 failed=0 collapsed=10  tau_med=0.168383
  [C11] 1830/2000  elapsed 70758s  eta 6573s  completed=1830 failed=0 collapsed=10  tau_med=0.168383
  [C11] 1840/2000  elapsed 71095s  eta 6182s  completed=1840 failed=0 collapsed=10  tau_med=0.168402
  [C11] 1850/2000  elapsed 71418s  eta 5791s  completed=1850 failed=0 collapsed=10  tau_med=0.168395
  [C11] 1860/2000  elapsed 71768s  eta 5402s  completed=1860 failed=0 collapsed=11  tau_med=0.168383
  [C11] 1870/2000  elapsed 72080s  eta 5011s  completed=1870 failed=0 collapsed=11  tau_med=0.168361
  [C11] 1880/2000  elapsed 72401s  eta 4621s  completed=1880 failed=0 collapsed=11  tau_med=0.168373
  [C11] 1890/2000  elapsed 72710s  eta 4232s  completed=1890 failed=0 collapsed=11  tau_med=0.168361
  [C11] 1900/2000  elapsed 73016s  eta 3843s  completed=1900 failed=0 collapsed=11  tau_med=0.168373
  [C11] 1910/2000  elapsed 73294s  eta 3454s  completed=1910 failed=0 collapsed=11  tau_med=0.168373
  [C11] 1920/2000  elapsed 73564s  eta 3065s  completed=1920 failed=0 collapsed=11  tau_med=0.168322
  [C11] 1930/2000  elapsed 73841s  eta 2678s  completed=1930 failed=0 collapsed=11  tau_med=0.168361
  [C11] 1940/2000  elapsed 74176s  eta 2294s  completed=1940 failed=0 collapsed=11  tau_med=0.168279
  [C11] 1950/2000  elapsed 74519s  eta 1911s  completed=1950 failed=0 collapsed=11  tau_med=0.168214
  [C11] 1960/2000  elapsed 74826s  eta 1527s  completed=1960 failed=0 collapsed=11  tau_med=0.168214
  [C11] 1970/2000  elapsed 75139s  eta 1144s  completed=1970 failed=0 collapsed=11  tau_med=0.168209
  [C11] 1980/2000  elapsed 75433s  eta 762s  completed=1980 failed=0 collapsed=11  tau_med=0.168245
  [C11] 1990/2000  elapsed 75725s  eta 381s  completed=1990 failed=0 collapsed=11  tau_med=0.168291
  [C11] 2000/2000  elapsed 76026s  eta 0s  completed=2000 failed=0 collapsed=11  tau_med=0.168245

WROTE C:\Users\mpolz\Documents\UNI-Flagellum\UNI-FLAGELLUM\hierarchical-aif\results\motor_stack_aif\B4C11_CORRECTED_FULL_RESULT.json
sha256=564a5b0f4461c83fe2c8792a2304dc136799b0923d887a27a60572361a851b53
verdict=U4_OK  runStatus=ELIGIBLE_FOR_FROZEN_VERDICT  completed=2000  failed=0  collapseFraction=0.005500  outcome=REFUTED
M7_status=IDENTIFIED_ON_THIS_COHORT (U4 newly computed on the corrected bootstrap; U1/U2/U3 carried forward from the frozen artifact)
totalRuntimeS=76026.1  secondsPerReplicate=38.01
